2025-12-11 11:33:25 [background-preinit] INFO  o.h.validator.internal.util.Version - HV000001: Hibernate Validator 8.0.3.Final
2025-12-11 11:33:25 [main] INFO  c.g.backend.BackendApplication - Starting BackendApplication using Java 24.0.2 with PID 32148 (C:\Users\azeim\Desktop\GreenTech-V2\GreenTech-V2\target\classes started by azeim in C:\Users\azeim\Desktop\GreenTech-V2\GreenTech-V2)
2025-12-11 11:33:25 [main] INFO  c.g.backend.BackendApplication - No active profile set, falling back to 1 default profile: "default"
2025-12-11 11:33:26 [main] INFO  o.s.d.r.c.RepositoryConfigurationDelegate - Bootstrapping Spring Data MongoDB repositories in DEFAULT mode.
2025-12-11 11:33:26 [main] INFO  o.s.d.r.c.RepositoryConfigurationDelegate - Finished Spring Data repository scanning in 258 ms. Found 16 MongoDB repository interfaces.
2025-12-11 11:33:27 [main] INFO  o.s.b.w.e.tomcat.TomcatWebServer - Tomcat initialized with port 8080 (http)
2025-12-11 11:33:27 [main] INFO  o.a.coyote.http11.Http11NioProtocol - Initializing ProtocolHandler ["http-nio-8080"]
2025-12-11 11:33:27 [main] INFO  o.a.catalina.core.StandardService - Starting service [Tomcat]
2025-12-11 11:33:27 [main] INFO  o.a.catalina.core.StandardEngine - Starting Servlet engine: [Apache Tomcat/10.1.49]
2025-12-11 11:33:27 [main] INFO  o.a.c.c.C.[Tomcat].[localhost].[/] - Initializing Spring embedded WebApplicationContext
2025-12-11 11:33:27 [main] INFO  o.s.b.w.s.c.ServletWebServerApplicationContext - Root WebApplicationContext: initialization completed in 1905 ms
2025-12-11 11:33:27 [main] INFO  org.mongodb.driver.client - MongoClient with metadata {"driver": {"name": "mongo-java-driver|sync|spring-boot", "version": "5.5.2"}, "os": {"type": "Windows", "name": "Windows 11", "architecture": "amd64", "version": "10.0"}, "platform": "Java/Oracle Corporation/24.0.2+12-54"} created with settings MongoClientSettings{readPreference=primary, writeConcern=WriteConcern{w=null, wTimeout=null ms, journal=null}, retryWrites=true, retryReads=true, readConcern=ReadConcern{level=null}, credential=null, transportSettings=null, commandListeners=[], codecRegistry=ProvidersCodecRegistry{codecProviders=[ValueCodecProvider{}, BsonValueCodecProvider{}, DBRefCodecProvider{}, DBObjectCodecProvider{}, DocumentCodecProvider{}, CollectionCodecProvider{}, IterableCodecProvider{}, MapCodecProvider{}, GeoJsonCodecProvider{}, GridFSFileCodecProvider{}, Jsr310CodecProvider{}, JsonObjectCodecProvider{}, BsonCodecProvider{}, EnumCodecProvider{}, com.mongodb.client.model.mql.ExpressionCodecProvider@1abcd059, com.mongodb.Jep395RecordCodecProvider@61a87366, com.mongodb.KotlinCodecProvider@3c33fcf8]}, loggerSettings=LoggerSettings{maxDocumentLength=1000}, clusterSettings={hosts=[localhost:27017], srvServiceName=mongodb, mode=SINGLE, requiredClusterType=UNKNOWN, requiredReplicaSetName='null', serverSelector='null', clusterListeners='[]', serverSelectionTimeout='30000 ms', localThreshold='15 ms'}, socketSettings=SocketSettings{connectTimeoutMS=10000, readTimeoutMS=0, receiveBufferSize=0, proxySettings=ProxySettings{host=null, port=null, username=null, password=null}}, heartbeatSocketSettings=SocketSettings{connectTimeoutMS=10000, readTimeoutMS=10000, receiveBufferSize=0, proxySettings=ProxySettings{host=null, port=null, username=null, password=null}}, connectionPoolSettings=ConnectionPoolSettings{maxSize=100, minSize=0, maxWaitTimeMS=120000, maxConnectionLifeTimeMS=0, maxConnectionIdleTimeMS=0, maintenanceInitialDelayMS=0, maintenanceFrequencyMS=60000, connectionPoolListeners=[], maxConnecting=2}, serverSettings=ServerSettings{heartbeatFrequencyMS=10000, minHeartbeatFrequencyMS=500, serverMonitoringMode=AUTO, serverListeners='[]', serverMonitorListeners='[]'}, sslSettings=SslSettings{enabled=false, invalidHostNameAllowed=false, context=null}, applicationName='null', compressorList=[], uuidRepresentation=JAVA_LEGACY, serverApi=null, autoEncryptionSettings=null, dnsClient=null, inetAddressResolver=null, contextProvider=null, timeoutMS=null}
2025-12-11 11:33:27 [cluster-ClusterId{value='693a9df781782b73a40c5236', description='null'}-localhost:27017] INFO  org.mongodb.driver.cluster - Monitor thread successfully connected to server with description ServerDescription{address=localhost:27017, type=STANDALONE, cryptd=false, state=CONNECTED, ok=true, minWireVersion=0, maxWireVersion=27, maxDocumentSize=16777216, logicalSessionTimeoutMinutes=30, roundTripTimeNanos=32001700, minRoundTripTimeNanos=0}
2025-12-11 11:33:28 [main] INFO  o.s.s.c.a.a.c.InitializeUserDetailsBeanManagerConfigurer$InitializeUserDetailsManagerConfigurer - Global AuthenticationManager configured with UserDetailsService bean with name customUserDetailsService
2025-12-11 11:33:29 [main] DEBUG o.s.w.s.s.s.WebSocketHandlerMapping - Patterns [/ws/**, /ws-native] in 'stompWebSocketHandlerMapping'
2025-12-11 11:33:29 [main] DEBUG o.s.w.s.s.s.WebSocketHandlerMapping - Patterns [/ws/energy, /ws/trash] in 'webSocketHandlerMapping'
2025-12-11 11:33:29 [main] DEBUG o.s.w.s.m.WebSocketAnnotationMethodMessageHandler - 
	c.g.b.a.AuthenticationController:
	
2025-12-11 11:33:29 [main] DEBUG o.s.w.s.m.WebSocketAnnotationMethodMessageHandler - 
	c.g.b.c.AiController:
	
2025-12-11 11:33:29 [main] DEBUG o.s.w.s.m.WebSocketAnnotationMethodMessageHandler - 
	c.g.b.c.DashboardController:
	
2025-12-11 11:33:29 [main] DEBUG o.s.w.s.m.WebSocketAnnotationMethodMessageHandler - 
	c.g.b.c.EnergyMonitorController:
	
2025-12-11 11:33:29 [main] DEBUG o.s.w.s.m.WebSocketAnnotationMethodMessageHandler - 
	c.g.b.c.NotificationController:
	
2025-12-11 11:33:29 [main] DEBUG o.s.w.s.m.WebSocketAnnotationMethodMessageHandler - 
	c.g.b.c.UserController:
	
2025-12-11 11:33:29 [main] DEBUG o.s.w.s.m.WebSocketAnnotationMethodMessageHandler - 
	c.g.b.g.w.AdminGamificationController:
	
2025-12-11 11:33:29 [main] DEBUG o.s.w.s.m.WebSocketAnnotationMethodMessageHandler - 
	c.g.b.g.w.GamificationController:
	
2025-12-11 11:33:29 [main] DEBUG o.s.w.s.m.WebSocketAnnotationMethodMessageHandler - 
	c.g.b.m.w.MarketplaceController:
	
2025-12-11 11:33:29 [main] DEBUG o.s.w.s.m.WebSocketAnnotationMethodMessageHandler - 
	c.g.b.m.w.ProductController:
	
2025-12-11 11:33:29 [main] DEBUG o.s.w.s.m.WebSocketAnnotationMethodMessageHandler - 
	o.s.b.a.w.s.e.BasicErrorController:
	
2025-12-11 11:33:29 [main] INFO  o.s.m.s.b.SimpleBrokerMessageHandler - Starting...
2025-12-11 11:33:29 [main] INFO  o.s.m.s.b.SimpleBrokerMessageHandler - BrokerAvailabilityEvent[available=true, SimpleBrokerMessageHandler [org.springframework.messaging.simp.broker.DefaultSubscriptionRegistry@776a7ec6]]
2025-12-11 11:33:29 [main] INFO  o.s.m.s.b.SimpleBrokerMessageHandler - Started.
2025-12-11 11:33:29 [main] INFO  o.a.coyote.http11.Http11NioProtocol - Starting ProtocolHandler ["http-nio-8080"]
2025-12-11 11:33:29 [main] INFO  o.s.b.w.e.tomcat.TomcatWebServer - Tomcat started on port 8080 (http) with context path '/'
2025-12-11 11:33:29 [main] INFO  c.g.backend.BackendApplication - Started BackendApplication in 5.041 seconds (process running for 5.857)
2025-12-11 11:34:29 [MessageBroker-1] INFO  o.s.w.s.c.WebSocketMessageBrokerStats - WebSocketSession[0 current WS(0)-HttpStream(0)-HttpPoll(0), 0 total, 0 closed abnormally (0 connect failure, 0 send limit, 0 transport error)], stompSubProtocol[processed CONNECT(0)-CONNECTED(0)-DISCONNECT(0)], stompBrokerRelay[null], inboundChannel[pool size = 0, active threads = 0, queued tasks = 0, completed tasks = 0], outboundChannel[pool size = 0, active threads = 0, queued tasks = 0, completed tasks = 0], sockJsScheduler[pool size = 1, active threads = 1, queued tasks = 0, completed tasks = 0]
2025-12-11 11:34:52 [http-nio-8080-exec-1] INFO  o.a.c.c.C.[Tomcat].[localhost].[/] - Initializing Spring DispatcherServlet 'dispatcherServlet'
2025-12-11 11:34:52 [http-nio-8080-exec-1] INFO  o.s.web.servlet.DispatcherServlet - Initializing Servlet 'dispatcherServlet'
2025-12-11 11:34:52 [http-nio-8080-exec-1] INFO  o.s.web.servlet.DispatcherServlet - Completed initialization in 2 ms
2025-12-11 11:35:44 [SpringApplicationShutdownHook] INFO  o.s.b.w.e.tomcat.GracefulShutdown - Commencing graceful shutdown. Waiting for active requests to complete
2025-12-11 11:35:44 [tomcat-shutdown] INFO  o.s.b.w.e.tomcat.GracefulShutdown - Graceful shutdown complete
2025-12-11 11:35:44 [SpringApplicationShutdownHook] INFO  o.s.m.s.b.SimpleBrokerMessageHandler - Stopping...
2025-12-11 11:35:44 [SpringApplicationShutdownHook] INFO  o.s.m.s.b.SimpleBrokerMessageHandler - BrokerAvailabilityEvent[available=false, SimpleBrokerMessageHandler [org.springframework.messaging.simp.broker.DefaultSubscriptionRegistry@776a7ec6]]
2025-12-11 11:35:44 [SpringApplicationShutdownHook] INFO  o.s.m.s.b.SimpleBrokerMessageHandler - Stopped.
